  HEAD_bfd6650  LU-20637 llapi: name a device scan's objects (worktree)

Reviewing 1 change(s), 5 in parallel, timeout 7200s each
  prompts:   /home/nishida/projects/llm_code_and_review_tools/review-prompts/kernel
             (via bundled submodule (/home/nishida/projects/llm_code_and_review_tools/review-prompts))
  results:   /home/nishida/projects/llm_code_and_review_tools/lreview-results
  worktrees: /home/nishida/projects/llm_code_and_review_tools/lreview-results/worktrees

running: HEAD_bfd6650 0m00s | done 0/1
[HEAD_bfd6650] review started: LU-20637 llapi: name a device scan's objects
running: HEAD_bfd6650 1m00s 615k tok | done 0/1
running: HEAD_bfd6650 2m00s 1.7M tok | done 0/1
running: HEAD_bfd6650 3m00s 2.2M tok | done 0/1
running: HEAD_bfd6650 4m00s 3.3M tok | done 0/1
running: HEAD_bfd6650 5m00s 3.5M tok | done 0/1
running: HEAD_bfd6650 6m00s 4.9M tok | done 0/1
[HEAD_bfd6650] 1 finding(s), severity low (6m25s, 5.4M tok, $3.16) -> gerrit-review-HEAD_bfd6650.json

=== Batch summary ===
  HEAD_bfd6650     findings (1 finding(s), severity low)  [5.4M tok, $3.16]
  total: 5.4M tokens, $3.16

Human-readable reports:
  /home/nishida/projects/llm_code_and_review_tools/lreview-results/markdown/HEAD_bfd6650_LU-20637_llapi_name_a_device_scan_s_objects.md

Full text dump: /home/nishida/projects/llm_code_and_review_tools/lreview-results/review-last1.txt
