  HEAD_1bddb70  LU-20606 llapi: scan an ldiskfs target directly (worktree)

Reviewing 1 change(s), 5 in parallel, timeout 7200s each
  prompts:   /home/nishida/projects/llm_code_and_review_tools/review-prompts/kernel
             (via bundled submodule (/home/nishida/projects/llm_code_and_review_tools/review-prompts))
  results:   /home/nishida/projects/llm_code_and_review_tools/lreview-results
  worktrees: /home/nishida/projects/llm_code_and_review_tools/lreview-results/worktrees

running: HEAD_1bddb70 0m00s | done 0/1
[HEAD_1bddb70] review started: LU-20606 llapi: scan an ldiskfs target directly
running: HEAD_1bddb70 0m59s 666k tok | done 0/1
running: HEAD_1bddb70 2m00s 780k tok | done 0/1
running: HEAD_1bddb70 3m00s 780k tok | done 0/1
running: HEAD_1bddb70 4m00s 1.9M tok | done 0/1
running: HEAD_1bddb70 5m00s 3.4M tok | done 0/1
running: HEAD_1bddb70 6m00s 4.1M tok | done 0/1
running: HEAD_1bddb70 7m00s 6.1M tok | done 0/1
running: HEAD_1bddb70 8m00s 6.8M tok | done 0/1
running: HEAD_1bddb70 9m00s 8.0M tok | done 0/1
running: HEAD_1bddb70 10m00s 8.7M tok | done 0/1
running: HEAD_1bddb70 11m00s 10.1M tok | done 0/1
[HEAD_1bddb70] 2 finding(s), severity low (11m13s, 10.4M tok, $5.38) -> gerrit-review-HEAD_1bddb70.json

=== Batch summary ===
  HEAD_1bddb70     findings (2 finding(s), severity low)  [10.4M tok, $5.38]
  total: 10.4M tokens, $5.38

Human-readable reports:
  /home/nishida/projects/llm_code_and_review_tools/lreview-results/markdown/HEAD_1bddb70_LU-20606_llapi_scan_an_ldiskfs_target_directly.md

Full text dump: /home/nishida/projects/llm_code_and_review_tools/lreview-results/review-last1.txt
