  HEAD_9d886a6  LU-20649 llapi: add llapi_scan_changelog() (worktree)

Reviewing 1 change(s), 5 in parallel, timeout 7200s each
  prompts:   /home/nishida/projects/llm_code_and_review_tools/review-prompts/kernel
             (via bundled submodule (/home/nishida/projects/llm_code_and_review_tools/review-prompts))
  results:   /home/nishida/projects/llm_code_and_review_tools/lreview-results
  worktrees: /home/nishida/projects/llm_code_and_review_tools/lreview-results/worktrees

running: HEAD_9d886a6 0m00s | done 0/1
[HEAD_9d886a6] review started: LU-20649 llapi: add llapi_scan_changelog()
running: HEAD_9d886a6 0m59s 359k tok | done 0/1
running: HEAD_9d886a6 2m00s 359k tok | done 0/1
running: HEAD_9d886a6 3m00s 1.7M tok | done 0/1
running: HEAD_9d886a6 4m00s 2.5M tok | done 0/1
running: HEAD_9d886a6 5m00s 3.7M tok | done 0/1
running: HEAD_9d886a6 6m00s 3.9M tok | done 0/1
running: HEAD_9d886a6 7m00s 4.3M tok | done 0/1
running: HEAD_9d886a6 8m00s 5.6M tok | done 0/1
[HEAD_9d886a6] 4 finding(s), severity medium (8m33s, 6.1M tok, $3.93) -> gerrit-review-HEAD_9d886a6.json

=== Batch summary ===
  HEAD_9d886a6     findings (4 finding(s), severity medium)  [6.1M tok, $3.93]
  total: 6.1M tokens, $3.93

Human-readable reports:
  /home/nishida/projects/llm_code_and_review_tools/lreview-results/markdown/HEAD_9d886a6_LU-20649_llapi_add_llapi_scan_changelog.md

Full text dump: /home/nishida/projects/llm_code_and_review_tools/lreview-results/review-last1.txt
