  dba64d2b45_dba64d2  LU-20611 llapi: run find over a device scan (worktree)

Reviewing 1 change(s), 1 in parallel, timeout 7200s each
  prompts:   /home/nishida/projects/llm_code_and_review_tools/review-prompts/kernel
             (via bundled submodule (/home/nishida/projects/llm_code_and_review_tools/review-prompts))
  results:   /home/nishida/projects/llm_code_and_review_tools/lreview-results
  worktrees: /home/nishida/projects/llm_code_and_review_tools/lreview-results/worktrees

running: dba64d2b45_dba64d2 0m00s | done 0/1
[dba64d2b45_dba64d2] review started: LU-20611 llapi: run find over a device scan
running: dba64d2b45_dba64d2 0m59s 639k tok | done 0/1
running: dba64d2b45_dba64d2 2m00s 1.2M tok | done 0/1
running: dba64d2b45_dba64d2 3m00s 2.3M tok | done 0/1
running: dba64d2b45_dba64d2 4m00s 3.1M tok | done 0/1
running: dba64d2b45_dba64d2 5m00s 3.6M tok | done 0/1
running: dba64d2b45_dba64d2 6m00s 4.8M tok | done 0/1
running: dba64d2b45_dba64d2 7m00s 5.9M tok | done 0/1
running: dba64d2b45_dba64d2 8m00s 6.5M tok | done 0/1
running: dba64d2b45_dba64d2 9m00s 7.5M tok | done 0/1
[dba64d2b45_dba64d2] 1 finding(s), severity low (9m28s, 8.2M tok, $4.16) -> gerrit-review-dba64d2b45_dba64d2.json

=== Batch summary ===
  dba64d2b45_dba64d2 findings (1 finding(s), severity low)  [8.2M tok, $4.16]
  total: 8.2M tokens, $4.16

Human-readable reports:
  /home/nishida/projects/llm_code_and_review_tools/lreview-results/markdown/dba64d2b45_dba64d2_LU-20611_llapi_run_find_over_a_device_scan.md
