SWEEP fb5ef60405..85e6ddacff, 23 commits
61bf69abba build=0 hdr=0 tests=0 ldiskfs=0 zfs=-  LU-20611 llapi: split cb_find_init's decider 
6bb4ff5f30 build=0 hdr=0 tests=0 ldiskfs=0 zfs=-  LU-20611 lfs: share find's predicate parsing
dba64d2b45 build=0 hdr=0 tests=0 ldiskfs=0 zfs=-  LU-20611 llapi: run find over a device scan
8f9491da33 build=0 hdr=0 tests=0 ldiskfs=0 zfs=-  LU-20611 lfs: find over a target, with --devi
2adca5f77e build=0 hdr=0 tests=0 ldiskfs=0 zfs=0  LU-20613 llapi: ZFS backend for llapi_scan_de
27612338b6 build=0 hdr=0 tests=0 ldiskfs=0 zfs=0  LU-20637 llapi: name a device scan's objects
edc3172d53 build=0 hdr=0 tests=0 ldiskfs=0 zfs=0  LU-20649 llapi: add llapi_scan_changelog()
9eb395b75d build=0 hdr=0 tests=0 ldiskfs=0 zfs=0  LU-20650 llapi: fill a scan record for one FI
0dd1acfbe4 build=0 hdr=0 tests=0 ldiskfs=0 zfs=0  LU-20650 lfs: find --since, from the changelo
7018e8ba0b build=0 hdr=0 tests=0 ldiskfs=0 zfs=0  LU-20650 lfs: find --changelog, the log as so
836fe35fef build=0 hdr=0 tests=0 ldiskfs=0 zfs=0  LU-20650 lfs: find --since-cookie, per-MDT an
e7a6896985 build=0 hdr=0 tests=0 ldiskfs=0 zfs=0  LU-20650 tests: sanity cases for find's chang
95342ef2a2 build=0 hdr=0 tests=0 ldiskfs=0 zfs=0  LU-20603 llapi: pull a scan's records in batc
555fe6b6b9 build=0 hdr=0 tests=0 ldiskfs=0 zfs=0  LU-20605 llapi: trim a start point's trailing
4feb06818e build=0 hdr=0 tests=0 ldiskfs=0 zfs=0  LU-20720 osd: attributes and a private otable
d86040e352 build=0 hdr=0 tests=0 ldiskfs=0 zfs=0  LU-20720 osd-ldiskfs: read the inode table ah
56046f9429 build=0 hdr=0 tests=0 ldiskfs=0 zfs=0  LU-20720 osd-ldiskfs: read the inode table, n
252ced957a build=0 hdr=0 tests=0 ldiskfs=0 zfs=0  LU-20720 osd: xattrs from the otable iterator
76b894581a build=0 hdr=0 tests=0 ldiskfs=0 zfs=0  LU-20720 lfu: an object stream from the OSD o
97316b4e34 build=0 hdr=0 tests=0 ldiskfs=0 zfs=0  LU-20722 llapi: a scan backend for a target i
11cd2f2339 build=0 hdr=0 tests=0 ldiskfs=0 zfs=0  LU-20730 lfu: the Object Stream over OBD_IDX_
ced364c4f9 build=0 hdr=0 tests=0 ldiskfs=0 zfs=0  LU-20730 osd-zfs: the LFU record and an index
85e6ddacff build=0 hdr=0 tests=0 ldiskfs=0 zfs=0  LU-20730 llapi: llapi_scan_mount(), a scan fr
SWEEP-DONE 23/23 clean, tip 85e6ddacff
