SWEEP 1dc2b3879e..510bd60c76, 18 commits
560854e59d build=0 hdr=0 tests=0 ldiskfs=0 zfs=0  LU-20637 llapi: name a device scan's objects
2e555a74eb build=0 hdr=0 tests=0 ldiskfs=0 zfs=0  LU-20649 llapi: add llapi_scan_changelog()
57c5486d57 build=0 hdr=0 tests=0 ldiskfs=0 zfs=0  LU-20650 llapi: fill a scan record for one FI
2cf8a180e6 build=0 hdr=0 tests=0 ldiskfs=0 zfs=0  LU-20650 lfs: find --since, from the changelo
b9c4786f89 build=0 hdr=0 tests=0 ldiskfs=0 zfs=0  LU-20650 lfs: find --changelog, the log as so
bd1f365179 build=0 hdr=0 tests=0 ldiskfs=0 zfs=0  LU-20650 lfs: find --since-cookie, per-MDT an
2ed33caf05 build=0 hdr=0 tests=0 ldiskfs=0 zfs=0  LU-20650 tests: sanity cases for find's chang
7a6dcb839a build=0 hdr=0 tests=0 ldiskfs=0 zfs=0  LU-20603 llapi: pull a scan's records in batc
ea942e1bbd build=0 hdr=0 tests=0 ldiskfs=0 zfs=0  LU-20605 llapi: trim a start point's trailing
b2482e1d60 build=0 hdr=0 tests=0 ldiskfs=0 zfs=0  LU-20720 osd: attributes and a private otable
7a3f428fc2 build=0 hdr=0 tests=0 ldiskfs=0 zfs=0  LU-20720 osd-ldiskfs: read the inode table ah
281b24caf3 build=0 hdr=0 tests=0 ldiskfs=0 zfs=0  LU-20720 osd-ldiskfs: read the inode table, n
0671afd6fd build=0 hdr=0 tests=0 ldiskfs=0 zfs=0  LU-20720 osd: xattrs from the otable iterator
941eb4c8a1 build=0 hdr=0 tests=0 ldiskfs=0 zfs=0  LU-20720 lfu: an object stream from the OSD o
9c695946e1 build=0 hdr=0 tests=0 ldiskfs=0 zfs=0  LU-20722 llapi: a scan backend for a target i
8d443004fc build=0 hdr=0 tests=0 ldiskfs=0 zfs=0  LU-20730 lfu: the Object Stream over OBD_IDX_
ee753bddeb build=0 hdr=0 tests=0 ldiskfs=0 zfs=0  LU-20730 osd-zfs: the LFU record and an index
510bd60c76 build=0 hdr=0 tests=0 ldiskfs=0 zfs=0  LU-20730 llapi: llapi_scan_mount(), a scan fr
SWEEP-DONE 18/18 clean, tip 510bd60c76
