c00 4bd6b33bbf -> 61e0eef0d4 same-tree  
c01 7432b74314 -> 4b5cc92409 same-tree  
c02 9f7a143760 -> 16ae4e45af same-tree  
c03 93b64291bc -> c89e8ecd74 same-tree  
c04 a9bec916bc -> d6cdd25ed1 same-tree  
c05 15fb495d7b -> f3ad8749d0 same-tree  
c06 4642a23eab -> 96e99e25d5 same-tree  
c07 4220ecf4a1 -> 7b14e2f8b6 same-tree  
c08 858f9882d4 -> 9fa8ecbb99 CHANGED  prepass-ran-field prepass-ran-set dirmap-state dirmap-gate prepass-ran-wire paths-fid2path-excl man-fid-sentence pfind-0 pfind-1 pfind-2 pfind-3 pfind-4 dev-0 find1-0 find1-1
c09 e8a3696110 -> 72d3bff989 CHANGED  prepass-ran-field prepass-ran-set dirmap-state dirmap-gate prepass-ran-wire paths-fid2path-excl man-fid-sentence pfind-0 pfind-1 pfind-2 pfind-3 pfind-4 dev-0 find1-0 find1-1
c10 601c5ebc25 -> 08e817839b CHANGED  prepass-ran-field prepass-ran-set dirmap-state dirmap-gate prepass-ran-wire paths-fid2path-excl man-fid-sentence pfind-0 pfind-1 pfind-2 pfind-3 pfind-4 dev-0 find1-0 find1-1
c11 ec1a4f80a9 -> 1a93a5ae55 CHANGED  prepass-ran-field prepass-ran-set dirmap-state dirmap-gate prepass-ran-wire paths-fid2path-excl man-fid-sentence pfind-0 pfind-1 pfind-2 pfind-3 pfind-4 dev-0 find1-0 find1-1
c12 91e84bbfd6 -> b17fade78e CHANGED  prepass-ran-field prepass-ran-set dirmap-state dirmap-gate prepass-ran-wire paths-fid2path-excl man-fid-sentence pfind-0 pfind-1 pfind-2 pfind-3 pfind-4 dev-0 find1-0 find1-1
c13 3e1a7f6731 -> b5ebdcdf3b CHANGED  prepass-ran-field prepass-ran-set dirmap-state dirmap-gate prepass-ran-wire paths-fid2path-excl man-fid-sentence pfind-0 pfind-1 pfind-2 pfind-3 pfind-4 dev-0 find1-0 find1-1
c14 05c913ddc5 -> ad7fa484aa CHANGED  prepass-ran-field prepass-ran-set dirmap-state dirmap-gate prepass-ran-wire paths-fid2path-excl man-fid-sentence pfind-0 pfind-1 pfind-2 pfind-3 pfind-4 dev-0 find1-0 find1-1
c15 5e74fe0a58 -> e6431dc56a CHANGED  prepass-ran-field prepass-ran-set dirmap-state dirmap-gate prepass-ran-wire paths-fid2path-excl man-fid-sentence pfind-0 pfind-1 pfind-2 pfind-3 pfind-4 dev-0 find1-0 find1-1
c16 496d394f42 -> 83225c8e83 CHANGED  prepass-ran-field prepass-ran-set dirmap-state dirmap-gate prepass-ran-wire paths-fid2path-excl man-fid-sentence pfind-0 pfind-1 pfind-2 pfind-3 pfind-4 dev-0 find1-0 find1-1
c17 0da9c5a6e2 -> f38f2c20ff CHANGED  prepass-ran-field prepass-ran-set dirmap-state dirmap-gate prepass-ran-wire paths-fid2path-excl man-fid-sentence pfind-0 pfind-1 pfind-2 pfind-3 pfind-4 dev-0 find1-0 find1-1
c18 35f092e6cb -> c0d5d184c3 CHANGED  prepass-ran-field prepass-ran-set dirmap-state dirmap-gate prepass-ran-wire paths-fid2path-excl man-fid-sentence pfind-0 pfind-1 pfind-2 pfind-3 pfind-4 dev-0 find1-0 find1-1
c19 0451ac3fe3 -> 8e2f7a46d4 CHANGED  prepass-ran-field prepass-ran-set dirmap-state dirmap-gate prepass-ran-wire paths-fid2path-excl man-fid-sentence pfind-0 pfind-1 pfind-2 pfind-3 pfind-4 dev-0 find1-0 find1-1
c20 ae4d7d7576 -> e1a61f3c08 CHANGED  prepass-ran-field prepass-ran-set dirmap-state dirmap-gate prepass-ran-wire paths-fid2path-excl man-fid-sentence pfind-0 pfind-1 pfind-2 pfind-3 pfind-4 dev-0 find1-0 find1-1
c21 a27865e17f -> 0fecf01815 CHANGED  prepass-ran-field prepass-ran-set dirmap-state dirmap-gate prepass-ran-wire paths-fid2path-excl man-fid-sentence pfind-0 pfind-1 pfind-2 pfind-3 pfind-4 dev-0 find1-0 find1-1
c22 aa1316bb08 -> e89a84b36e CHANGED  prepass-ran-field prepass-ran-set dirmap-state dirmap-gate prepass-ran-wire paths-fid2path-excl man-fid-sentence pfind-0 pfind-1 pfind-2 pfind-3 pfind-4 pfind-live-0 pfind-live-1 pfind-live-2 pfind-live-3 pfind-live-4 pfind-live-5 pfind-live-6 pfind-live-7 pfind-live-8 dev-0 dev-live-0 dev-live-1 dev-live-2 dev-live-3 int-live-0 kernel-live-0 kernel-live-1 kernel-live-2 spec-live-0 find1-0 find1-1 find1-live-0 find1-live-1 dev3-live-0 dev3-live-1 conf-live-0 backend-live-0 ldiskfs-live-0 zfs-live-0 makeam-live-0 kernel-so-valid kernel-igif msg-refusal-reach msg-naming msg-testparams
c23 260cb41cc8 -> b7db193687 CHANGED  prepass-ran-field prepass-ran-set dirmap-state dirmap-gate prepass-ran-wire paths-fid2path-excl man-fid-sentence pfind-0 pfind-1 pfind-2 pfind-3 pfind-4 pfind-live-0 pfind-live-1 pfind-live-2 pfind-live-3 pfind-live-4 pfind-live-5 pfind-live-6 pfind-live-7 pfind-live-8 dev-0 dev-live-0 dev-live-1 dev-live-2 dev-live-3 int-live-0 kernel-live-0 kernel-live-1 kernel-live-2 spec-live-0 find1-0 find1-1 find1-live-0 find1-live-1 dev3-live-0 dev3-live-1 conf-live-0 backend-live-0 ldiskfs-live-0 zfs-live-0 makeam-live-0 kernel-so-valid kernel-igif
c24 00bcbea2dd -> f192b96f2d CHANGED  prepass-ran-field prepass-ran-set dirmap-state dirmap-gate prepass-ran-wire paths-fid2path-excl man-fid-sentence pfind-0 pfind-1 pfind-2 pfind-3 pfind-4 pfind-live-0 pfind-live-1 pfind-live-2 pfind-live-3 pfind-live-4 pfind-live-5 pfind-live-6 pfind-live-7 pfind-live-8 dev-0 dev-live-0 dev-live-1 dev-live-2 dev-live-3 int-live-0 kernel-live-0 kernel-live-1 kernel-live-2 spec-live-0 find1-0 find1-1 find1-live-0 find1-live-1 dev3-live-0 dev3-live-1 conf-live-0 backend-live-0 ldiskfs-live-0 zfs-live-0 makeam-live-0 kernel-so-valid kernel-igif
c25 55a460f437 -> 434c3c58ec CHANGED  prepass-ran-field prepass-ran-set dirmap-state dirmap-gate prepass-ran-wire paths-fid2path-excl man-fid-sentence pfind-0 pfind-1 pfind-2 pfind-3 pfind-4 pfind-live-0 pfind-live-1 pfind-live-2 pfind-live-3 pfind-live-4 pfind-live-5 pfind-live-6 pfind-live-7 pfind-live-8 dev-0 dev-live-0 dev-live-1 dev-live-2 dev-live-3 int-live-0 kernel-live-0 kernel-live-1 kernel-live-2 lfurec-live-0 lfurec-live-1 spec-live-0 find1-0 find1-1 find1-live-0 find1-live-1 dev3-live-0 dev3-live-1 conf-live-0 backend-live-0 ldiskfs-live-0 zfs-live-0 makeam-live-0
NEWTIP 434c3c58ece4b674105bf75d55eb41338e22fac1
NEVER-APPLIED none
