loaded A:   B: 
paths A=300000 B=300000 identical=yes
== warm pairs (elapsed user sys)
W 1 A 0.29 0.24 0.05 B 0.19 0.14 0.05
W 2 A 0.28 0.22 0.06 B 0.19 0.15 0.04
W 3 A 0.28 0.23 0.04 B 0.19 0.13 0.06
W 4 A 0.28 0.24 0.04 B 0.19 0.15 0.04
W 5 A 0.28 0.24 0.04 B 0.19 0.14 0.04
W 6 A 0.29 0.23 0.05 B 0.19 0.15 0.03
W 7 A 0.29 0.23 0.05 B 0.19 0.14 0.04
W 8 A 0.29 0.24 0.04 B 0.19 0.13 0.05
W 9 A 0.28 0.24 0.04 B 0.19 0.15 0.04
W 10 A 0.28 0.24 0.04 B 0.19 0.15 0.04
W 11 A 0.28 0.25 0.03 B 0.19 0.13 0.05
W 12 A 0.28 0.22 0.06 B 0.19 0.14 0.05
W 13 A 0.29 0.24 0.04 B 0.19 0.14 0.04
W 14 A 0.28 0.24 0.04 B 0.19 0.14 0.04
W 15 A 0.28 0.23 0.05 B 0.18 0.14 0.04
W 16 A 0.24 0.21 0.03 B 0.17 0.13 0.03
W 17 A 0.25 0.20 0.04 B 0.17 0.12 0.04
W 18 A 0.25 0.20 0.04 B 0.17 0.12 0.04
W 19 A 0.29 0.23 0.04 B 0.20 0.14 0.04
W 20 A 0.28 0.24 0.04 B 0.19 0.15 0.03
== no pre-pass reference (warm)
R 1 A 0.14 0.11 0.03
R 2 A 0.15 0.13 0.01
R 3 A 0.14 0.12 0.02
R 4 A 0.14 0.12 0.02
R 5 A 0.14 0.12 0.02
== cold pairs
C 1 A 0.49 0.25 0.22 B 0.30 0.14 0.14
C 2 A 0.40 0.27 0.12 B 0.30 0.14 0.14
C 3 A 0.38 0.25 0.12 B 0.29 0.13 0.14
C 4 A 0.39 0.24 0.14 B 0.30 0.15 0.13
C 5 A 0.40 0.27 0.12 B 0.29 0.14 0.14
plugin restored: 7e1b1c9adaec2b1151ce6ccc79ab43f2  -
PPBENCH-DONE
