total: 20000 create in 2.47 seconds: 8092.13 ops/second
total: 20000 create in 2.17 seconds: 9200.69 ops/second
total: 20000 create in 2.18 seconds: 9165.91 ops/second
total: 20000 create in 2.18 seconds: 9155.64 ops/second
total: 20000 create in 2.10 seconds: 9530.35 ops/second
total: 20000 create in 2.09 seconds: 9550.69 ops/second
total: 20000 create in 2.13 seconds: 9391.55 ops/second
total: 20000 create in 2.26 seconds: 8847.53 ops/second
total: 20000 create in 2.21 seconds: 9051.49 ops/second
total: 20000 create in 2.12 seconds: 9449.42 ops/second
total: 20000 create in 2.10 seconds: 9508.71 ops/second
total: 20000 create in 2.19 seconds: 9134.89 ops/second
total: 20000 create in 2.13 seconds: 9371.74 ops/second
total: 20000 create in 2.23 seconds: 8951.53 ops/second
total: 20000 create in 2.05 seconds: 9736.64 ops/second
total: 20000 create in 2.14 seconds: 9358.81 ops/second
MARK_BASELINE_END
total: 20000 create in 2.29 seconds: 8734.79 ops/second
total: 20000 create in 2.15 seconds: 9309.75 ops/second
total: 20000 create in 2.19 seconds: 9136.85 ops/second
total: 20000 create in 2.07 seconds: 9649.09 ops/second
total: 20000 create in 2.20 seconds: 9106.00 ops/second
total: 20000 create in 2.33 seconds: 8580.16 ops/second
total: 20000 create in 2.23 seconds: 8951.12 ops/second
total: 20000 create in 2.31 seconds: 8645.63 ops/second
total: 20000 create in 2.45 seconds: 8155.90 ops/second
total: 20000 create in 2.34 seconds: 8533.23 ops/second
total: 20000 create in 2.31 seconds: 8654.92 ops/second
total: 20000 create in 2.23 seconds: 8972.14 ops/second
total: 20000 create in 2.31 seconds: 8647.14 ops/second
total: 20000 create in 2.38 seconds: 8412.29 ops/second
total: 20000 create in 2.28 seconds: 8777.12 ops/second
total: 20000 create in 2.29 seconds: 8751.40 ops/second
total: 20000 create in 2.27 seconds: 8816.27 ops/second
total: 20000 create in 2.17 seconds: 9228.43 ops/second
total: 20000 create in 2.32 seconds: 8630.64 ops/second
total: 20000 create in 2.29 seconds: 8726.44 ops/second
total: 20000 create in 2.28 seconds: 8774.33 ops/second
total: 20000 create in 2.36 seconds: 8472.86 ops/second
total: 20000 create in 2.22 seconds: 9014.64 ops/second
total: 20000 create in 2.30 seconds: 8685.65 ops/second
total: 20000 create in 2.28 seconds: 8758.06 ops/second
total: 20000 create in 2.42 seconds: 8253.99 ops/second
total: 20000 create in 2.06 seconds: 9726.20 ops/second
MARK_L1
total: 20000 create in 2.32 seconds: 8604.82 ops/second
total: 20000 create in 2.15 seconds: 9282.87 ops/second
total: 20000 create in 2.17 seconds: 9227.99 ops/second
total: 20000 create in 2.25 seconds: 8903.62 ops/second
total: 20000 create in 2.34 seconds: 8538.96 ops/second
total: 20000 create in 2.27 seconds: 8816.08 ops/second
total: 20000 create in 2.24 seconds: 8946.77 ops/second
total: 20000 create in 2.38 seconds: 8387.86 ops/second
total: 20000 create in 2.29 seconds: 8727.18 ops/second
total: 20000 create in 2.29 seconds: 8724.39 ops/second
total: 20000 create in 2.33 seconds: 8580.72 ops/second
total: 20000 create in 2.24 seconds: 8916.27 ops/second
total: 20000 create in 2.35 seconds: 8507.68 ops/second
total: 20000 create in 2.46 seconds: 8134.38 ops/second
total: 20000 create in 2.25 seconds: 8879.52 ops/second
total: 20000 create in 2.34 seconds: 8551.11 ops/second
total: 20000 create in 2.27 seconds: 8829.25 ops/second
total: 20000 create in 2.25 seconds: 8897.46 ops/second
total: 20000 create in 2.32 seconds: 8630.82 ops/second
total: 20000 create in 2.22 seconds: 9000.75 ops/second
total: 20000 create in 2.51 seconds: 7958.14 ops/second
total: 20000 create in 2.21 seconds: 9059.56 ops/second
total: 20000 create in 2.35 seconds: 8522.99 ops/second
total: 20000 create in 2.30 seconds: 8713.45 ops/second
total: 20000 create in 2.61 seconds: 7652.93 ops/second
total: 20000 create in 2.15 seconds: 9302.36 ops/second
MARK_L2
total: 20000 create in 2.21 seconds: 9040.24 ops/second
total: 20000 create in 2.11 seconds: 9463.88 ops/second
total: 20000 create in 2.23 seconds: 8980.36 ops/second
total: 20000 create in 2.23 seconds: 8980.91 ops/second
total: 20000 create in 2.22 seconds: 9012.90 ops/second
total: 20000 create in 2.25 seconds: 8873.32 ops/second
total: 20000 create in 2.20 seconds: 9109.38 ops/second
total: 20000 create in 2.43 seconds: 8215.46 ops/second
total: 20000 create in 2.44 seconds: 8193.76 ops/second
total: 20000 create in 2.30 seconds: 8712.45 ops/second
total: 20000 create in 2.33 seconds: 8586.62 ops/second
total: 20000 create in 2.30 seconds: 8698.29 ops/second
total: 20000 create in 2.52 seconds: 7932.49 ops/second
total: 20000 create in 2.23 seconds: 8983.83 ops/second
total: 20000 create in 2.26 seconds: 8830.50 ops/second
total: 20000 create in 2.26 seconds: 8868.46 ops/second
total: 20000 create in 2.37 seconds: 8431.91 ops/second
total: 20000 create in 2.19 seconds: 9145.29 ops/second
total: 20000 create in 2.20 seconds: 9082.46 ops/second
total: 20000 create in 2.19 seconds: 9113.90 ops/second
total: 20000 create in 2.15 seconds: 9301.71 ops/second
total: 20000 create in 2.36 seconds: 8460.51 ops/second
total: 20000 create in 2.16 seconds: 9263.72 ops/second
total: 20000 create in 2.37 seconds: 8429.65 ops/second
total: 20000 create in 2.34 seconds: 8530.88 ops/second
total: 20000 create in 2.50 seconds: 7988.92 ops/second
MARK_L3
total: 20000 create in 2.09 seconds: 9576.35 ops/second
total: 20000 create in 2.38 seconds: 8391.18 ops/second
total: 20000 create in 2.08 seconds: 9608.10 ops/second
total: 20000 create in 2.07 seconds: 9659.89 ops/second
total: 20000 create in 2.15 seconds: 9294.07 ops/second
total: 20000 create in 2.06 seconds: 9693.14 ops/second
total: 20000 create in 2.08 seconds: 9613.46 ops/second
total: 20000 create in 2.03 seconds: 9857.10 ops/second
total: 20000 create in 2.10 seconds: 9523.65 ops/second
total: 20000 create in 2.17 seconds: 9227.13 ops/second
total: 20000 create in 2.19 seconds: 9138.46 ops/second
total: 20000 create in 2.15 seconds: 9284.89 ops/second
MARK_B_BASELINE_END
total: 20000 create in 2.14 seconds: 9361.72 ops/second
total: 20000 create in 2.35 seconds: 8505.88 ops/second
total: 20000 create in 2.25 seconds: 8892.60 ops/second
total: 20000 create in 2.30 seconds: 8687.61 ops/second
total: 20000 create in 2.25 seconds: 8905.00 ops/second
total: 20000 create in 2.12 seconds: 9449.19 ops/second
total: 20000 create in 2.33 seconds: 8586.29 ops/second
total: 20000 create in 2.13 seconds: 9381.05 ops/second
total: 20000 create in 2.27 seconds: 8807.11 ops/second
total: 20000 create in 2.29 seconds: 8718.18 ops/second
MARK_B_END
